// Jest Snapshot v1, https://goo.gl/fbAQLP

exports[`Essence testrun succeeds 1`] = `
Object {
  "elements": Array [
    Object {
      "key": "Date",
      "type": "field",
      "value": "1st of November in the year 2017",
    },
    Object {
      "key": "Book Description",
      "type": "embed",
      "value": "Lacks a certain ...
something",
    },
    Object {
      "items": Array [
        Object {
          "value": "Apples",
        },
        Object {
          "value": "Oranges",
        },
      ],
      "key": "Shopping List",
      "type": "field",
    },
    Object {
      "attributes": Array [
        Object {
          "key": "Ben",
          "value": "+49 1943 24724784",
        },
        Object {
          "key": "Rachel",
          "value": "+59 3459 35935593",
        },
      ],
      "key": "Telephone Numbers",
      "type": "field",
    },
    Object {
      "elements": Array [
        Object {
          "elements": Array [
            Object {
              "elements": Array [
                Object {
                  "key": "--format pretty",
                  "type": "field",
                  "value": "Pretty formatting option",
                },
                Object {
                  "items": Array [
                    Object {
                      "value": "Jack the Ripper",
                    },
                    Object {
                      "value": "Frankenstein",
                    },
                  ],
                  "key": "> Friends",
                  "type": "field",
                },
                Object {
                  "attributes": Array [
                    Object {
                      "key": "'--output dir'",
                      "value": "Specify a different output directory",
                    },
                    Object {
                      "key": "'--filters disabled'",
                      "value": "Enable/disable filters",
                    },
                  ],
                  "key": "Use \`\${arg}\` style options",
                  "type": "field",
                },
              ],
              "key": "Left Arm",
              "type": "section",
            },
          ],
          "key": "Limbs",
          "type": "section",
        },
      ],
      "key": "Body",
      "type": "section",
    },
  ],
  "key": null,
  "type": "section",
}
`;
