// Jest Snapshot v1, https://goo.gl/fbAQLP

exports[`Copying a multiline field succeeds 1`] = `
Array [
  Object {
    "Multiline Field": "Veni
Vidi
Vici",
  },
  Object {
    "Copied Multiline Field": "Veni
Vidi
Vici",
  },
]
`;
