// Jest Snapshot v1, https://goo.gl/fbAQLP

exports[`Resolution Copying list into empty works 1`] = `
Object {
  "elements": Array [
    Object {
      "items": Array [
        Object {
          "type": "listItem",
          "value": "eno",
        },
        Object {
          "type": "listItem",
          "value": "json",
        },
      ],
      "key": "languages",
      "type": "list",
    },
    Object {
      "items": Array [
        Object {
          "type": "listItem",
          "value": "eno",
        },
        Object {
          "type": "listItem",
          "value": "json",
        },
      ],
      "key": "copy",
      "type": "list",
    },
  ],
  "type": "document",
}
`;
