// Jest Snapshot v1, https://goo.gl/fbAQLP

exports[`Resolution Copying fieldset into empty works 1`] = `
Object {
  "elements": Array [
    Object {
      "entries": Array [
        Object {
          "key": "eno",
          "type": "fieldsetEntry",
          "value": "eno notation",
        },
        Object {
          "key": "json",
          "type": "fieldsetEntry",
          "value": "json object notation",
        },
      ],
      "key": "languages",
      "type": "fieldset",
    },
    Object {
      "entries": Array [
        Object {
          "key": "eno",
          "type": "fieldsetEntry",
          "value": "eno notation",
        },
        Object {
          "key": "json",
          "type": "fieldsetEntry",
          "value": "json object notation",
        },
      ],
      "key": "copy",
      "type": "fieldset",
    },
  ],
  "type": "document",
}
`;
