// Jest Snapshot v1, https://goo.gl/fbAQLP

exports[`Direct line continuation tokenization is performed as specified 1`] = `
Object {
  "_document": Object {
    "depth": 0,
    "elements": Array [
      Object {
        "continuations": Array [
          Object {
            "line": 2,
            "ranges": Object {
              "directLineContinuationOperator": Array [
                8,
                9,
              ],
              "line": Array [
                8,
                15,
              ],
              "value": Array [
                10,
                15,
              ],
            },
            "spaced": false,
            "type": Symbol(Continuation),
            "value": "value",
          },
          Object {
            "line": 4,
            "ranges": Object {
              "directLineContinuationOperator": Array [
                17,
                18,
              ],
              "line": Array [
                17,
                27,
              ],
              "value": Array [
                22,
                27,
              ],
            },
            "spaced": false,
            "type": Symbol(Continuation),
            "value": "value",
          },
          Object {
            "line": 6,
            "ranges": Object {
              "directLineContinuationOperator": Array [
                33,
                34,
              ],
              "line": Array [
                29,
                40,
              ],
              "value": Array [
                35,
                40,
              ],
            },
            "spaced": false,
            "type": Symbol(Continuation),
            "value": "value",
          },
          Object {
            "line": 8,
            "ranges": Object {
              "directLineContinuationOperator": Array [
                46,
                47,
              ],
              "line": Array [
                42,
                56,
              ],
              "value": Array [
                51,
                56,
              ],
            },
            "spaced": false,
            "type": Symbol(Continuation),
            "value": "value",
          },
          Object {
            "line": 10,
            "ranges": Object {
              "directLineContinuationOperator": Array [
                58,
                59,
              ],
              "line": Array [
                58,
                65,
              ],
              "value": Array [
                60,
                65,
              ],
            },
            "spaced": false,
            "type": Symbol(Continuation),
            "value": "value",
          },
        ],
        "key": "field",
        "line": 0,
        "parent": [Circular],
        "ranges": Object {
          "elementOperator": Array [
            5,
            6,
          ],
          "key": Array [
            0,
            5,
          ],
          "line": Array [
            0,
            6,
          ],
        },
        "type": Symbol(Field),
      },
    ],
    "type": Symbol(Document),
  },
  "_lineCount": 11,
  "_meta": Array [],
}
`;
